// Jest Snapshot v1, https://goo.gl/fbAQLP

exports[`GasToken returns canonical protocol contract 1`] = `
{
  "address": AztecAddress<0x147f855c55b7a36796595ef3952b4874ad910d03041b9b5caaf887af1e001a53>,
  "instance": {
    "address": AztecAddress<0x147f855c55b7a36796595ef3952b4874ad910d03041b9b5caaf887af1e001a53>,
    "contractClassId": Fr<0x1d6ddd847261cf7c455e6c8d65e441ba51439d77a5ecbed3a8d2289d7af5ff1b>,
    "deployer": AztecAddress<0x0000000000000000000000000000000000000000000000000000000000000000>,
    "initializationHash": Fr<0x0000000000000000000000000000000000000000000000000000000000000000>,
    "portalContractAddress": EthAddress<0x0000000000000000000000000000000000000000>,
    "publicKeysHash": Fr<0x27b1d0839a5b23baf12a8d195b18ac288fcf401afb2f70b8a4b529ede5fa9fed>,
    "salt": Fr<0x0000000000000000000000000000000000000000000000000000000000000001>,
    "version": 1,
  },
}
`;

exports[`GasToken returns canonical protocol contract 2`] = `
{
  "artifactHash": Fr<0x18af4bb0ca6fe07d0ae6da493b2c7b1af038ee904721dbba9b6e571e6d495726>,
  "id": Fr<0x1d6ddd847261cf7c455e6c8d65e441ba51439d77a5ecbed3a8d2289d7af5ff1b>,
  "privateFunctions": [],
  "privateFunctionsRoot": Fr<0x15d28cad4c0736decea8997cb324cf0a0e0602f4d74472cd977bce2c8dd9923f>,
  "publicBytecodeCommitment": Fr<0x15ac65b32c98928e3b835828e871e49dfc82c36eabbbc5b68bf092e8d9c97527>,
  "version": 1,
}
`;

exports[`GasToken returns canonical protocol contract 3`] = `
[
  {
    "isInternal": false,
    "selector": Selector<0x0b5879db>,
  },
  {
    "isInternal": false,
    "selector": Selector<0x5b7863df>,
  },
  {
    "isInternal": false,
    "selector": Selector<0x69e04dfd>,
  },
  {
    "isInternal": false,
    "selector": Selector<0x6bfd1d5b>,
  },
]
`;
