// Jest Snapshot v1, https://goo.gl/fbAQLP

exports[`Header computes empty hash 1`] = `Fr<0x1cda141511b28c2315e0848727e282f830268f274cd983af853393f59b5f3be0>`;

exports[`Header computes hash 1`] = `Fr<0x206fbcf56c2e9c0c200af88008411c1e8a92d6af3f39db323d2f6e98f2e32a8f>`;
